(cx-gui-do cx-activate-item "MenuBar*ReadSubMenu*Case...")
(cx-gui-do cx-set-text-entry "Select File*Text" "roundjet.cas")
(cx-gui-do cx-activate-item "Select File*OK")
(cx-gui-do cx-activate-item "MenuBar*ReadSubMenu*Data...")
(cx-gui-do cx-set-text-entry "Select File*Text" "roundjet-0.015000.dat")
(cx-gui-do cx-activate-item "Select File*OK")
(cx-gui-do cx-activate-item "MenuBar*DefineMenu*Custom Field Functions...")
(cx-gui-do cx-activate-item "Custom Field Function Calculator*PanelButtons*PushButton1(Manage)")
(cx-gui-do cx-activate-item "Field Function Definitions*PanelButtons*PushButton1(Load)")
(cx-gui-do cx-set-text-entry "Select File*FilterText" "d:\fluent_run\01-roundjet\*")
(cx-gui-do cx-activate-item "Select File*Apply")
(cx-gui-do cx-set-text-entry "Select File*Text" "q-criterion-custom.scm")
(cx-gui-do cx-activate-item "Select File*OK")
(cx-gui-do cx-activate-item "Field Function Definitions*PanelButtons*PushButton2(Cancel)")
(cx-gui-do cx-activate-item "Custom Field Function Calculator*PanelButtons*PushButton2(Cancel)")
(cx-gui-do cx-activate-item "MenuBar*ExportSubMenu*Solution Data...")
(cx-gui-do cx-set-list-selections "Export*Frame1*Table1*Frame2*Table2*DropDownList1(File Type)" '( 1))
(cx-gui-do cx-activate-item "Export*Frame1*Table1*Frame2*Table2*DropDownList1(File Type)")
(cx-gui-do cx-set-toggle-button "Export*Frame1*Table1*Frame2*Table2*Frame5(Location)*ToggleBox5(Location)*Node" #f)
(cx-gui-do cx-activate-item "Export*Frame1*Table1*Frame2*Table2*Frame5(Location)*ToggleBox5(Location)*Node")
(cx-gui-do cx-set-list-selections "Export*Frame1*Table1*Frame5*List5(Quantities)" '( 0))
(cx-gui-do cx-activate-item "Export*Frame1*Table1*Frame5*List5(Quantities)")
(cx-gui-do cx-activate-item "Export*PanelButtons*PushButton1(OK)")
(cx-gui-do cx-set-text-entry "Select File*FilterText" "d:\fluent_run\01-roundjet\base\dataraw\*")
(cx-gui-do cx-activate-item "Select File*Apply")
(cx-gui-do cx-set-text-entry "Select File*Text" "roundjet-0.015000-Q.dat")
(cx-gui-do cx-activate-item "Select File*OK")
(cx-gui-do cx-activate-item "Export*PanelButtons*PushButton2(Cancel)")
(cx-gui-do cx-activate-item "MenuBar*FileMenu*Exit")
